[themeforest.devarts.cf/bootex/vivid/index-particles.html]
[backblue.gif]
[fade.gif]
[index.html]
[themeforest.devarts.cf/bootex/vivid/img/favicon.ico]
[themeforest.devarts.cf/bootex/vivid/css/bootstrap.min.css]
[themeforest.devarts.cf/bootex/vivid/css/font-awesome.min.css]
[themeforest.devarts.cf/bootex/vivid/css/themify-icons.css]
[themeforest.devarts.cf/bootex/vivid/css/animate.min.css]
[themeforest.devarts.cf/bootex/vivid/css/magnific-popup.css]
[themeforest.devarts.cf/bootex/vivid/css/owl.carousel.min.css]
[themeforest.devarts.cf/bootex/vivid/css/style.css]
[themeforest.devarts.cf/bootex/vivid/img/me.jpg]
[themeforest.devarts.cf/bootex/vivid/img/sign.png]
[themeforest.devarts.cf/bootex/vivid/img/works/1.jpg]
[themeforest.devarts.cf/bootex/vivid/img/works/2.jpg]
[themeforest.devarts.cf/bootex/vivid/img/works/3.jpg]
[themeforest.devarts.cf/bootex/vivid/img/works/4.jpg]
[themeforest.devarts.cf/bootex/vivid/img/works/6.jpg]
[themeforest.devarts.cf/bootex/vivid/img/works/7.jpg]
[themeforest.devarts.cf/bootex/vivid/img/works/8.jpg]
[themeforest.devarts.cf/bootex/vivid/js/jquery-2.1.4.min.js]
[themeforest.devarts.cf/bootex/vivid/js/jquery.nav.min.js]
[themeforest.devarts.cf/bootex/vivid/js/isotope.pkgd.min.js]
[themeforest.devarts.cf/bootex/vivid/js/owl.carousel.min.js]
[themeforest.devarts.cf/bootex/vivid/js/magnific-popup.min.js]
[themeforest.devarts.cf/bootex/vivid/js/particles.min.js]
[themeforest.devarts.cf/bootex/vivid/js/init-particles.js]
[themeforest.devarts.cf/bootex/vivid/js/wow.min.js]
[themeforest.devarts.cf/bootex/vivid/index-particles.html]
[themeforest.devarts.cf/bootex/vivid/css/bootstrap.min.css]
[themeforest.devarts.cf/bootex/vivid/js/scripts.js]
[themeforest.devarts.cf/bootex/vivid/fonts/fontawesome-webfont3e6e.eot]
[themeforest.devarts.cf/bootex/vivid/fonts/fontawesome-webfontd41d.eot]
[themeforest.devarts.cf/bootex/vivid/fonts/fontawesome-webfont3e6e.woff2]
[themeforest.devarts.cf/bootex/vivid/fonts/fontawesome-webfont3e6e.woff]
[themeforest.devarts.cf/bootex/vivid/fonts/fontawesome-webfont3e6e.ttf]
[themeforest.devarts.cf/bootex/vivid/css/font-awesome.min.css]
[themeforest.devarts.cf/bootex/vivid/fonts/themify9f24.eot]
[themeforest.devarts.cf/bootex/vivid/fonts/fontawesome-webfont3e6e.svg]
[themeforest.devarts.cf/bootex/vivid/fonts/themifyd41d.eot]
[themeforest.devarts.cf/bootex/vivid/fonts/themify9f24.woff]
[themeforest.devarts.cf/bootex/vivid/fonts/themify9f24.ttf]
[themeforest.devarts.cf/bootex/vivid/css/themify-icons.css]
[themeforest.devarts.cf/bootex/vivid/css/animate.min.css]
[themeforest.devarts.cf/bootex/vivid/css/magnific-popup.css]
[themeforest.devarts.cf/bootex/vivid/fonts/themify9f24.svg]
[themeforest.devarts.cf/bootex/vivid/css/owl.video.play.png]
[themeforest.devarts.cf/bootex/vivid/css/owl.carousel.min.css]
[themeforest.devarts.cf/bootex/vivid/img/bg.jpg]
[themeforest.devarts.cf/bootex/vivid/img/text-bg.jpg]
[themeforest.devarts.cf/bootex/vivid/img/overlay.png]
[themeforest.devarts.cf/bootex/vivid/img/service-bg.jpg]
[themeforest.devarts.cf/bootex/vivid/img/test-bg.png]
[themeforest.devarts.cf/bootex/vivid/css/style.css]
[themeforest.devarts.cf/bootex/vivid/fonts/fontawesome-webfont3e6e.svg]
[themeforest.devarts.cf/bootex/vivid/fonts/themify9f24.svg]
[themeforest.devarts.cf/bootex/vivid/css/owl.video.play.html]
